2026-09-11T15:05:50.0238215Z Current runner version: '2.337.0'
2026-09-11T15:05:50.0254768Z ##[group]Runner Image Provisioner
2026-09-11T15:05:50.0255308Z Hosted Compute Agent
2026-09-11T15:05:50.0255648Z Version: 20260828.587
2026-09-11T15:05:50.0256073Z Commit: abac92662cab4cc7352de4f9f9d2e2419aad9c29
2026-09-11T15:05:50.0256624Z Build Date: 2026-08-28T16:44:25Z
2026-09-11T15:05:50.0257029Z Worker ID: {9858cb3a-7fe8-4795-85e5-10a400df28ad}
2026-09-11T15:05:50.0257469Z Azure Region: westus3
2026-09-11T15:05:50.0257798Z ##[endgroup]
2026-09-11T15:05:50.0258538Z ##[group]Operating System
2026-09-11T15:05:50.0258881Z Ubuntu
2026-09-11T15:05:50.0259170Z 24.04.5
2026-09-11T15:05:50.0259544Z LTS
2026-09-11T15:05:50.0259844Z ##[endgroup]
2026-09-11T15:05:50.0260215Z ##[group]Runner Image
2026-09-11T15:05:50.0260601Z Image: ubuntu-24.04
2026-09-11T15:05:50.0260906Z Version: 20260907.300.1
2026-09-11T15:05:50.0261966Z Included Software: https://github.com/actions/runner-images/blob/ubuntu24/20260907.300/images/ubuntu/Ubuntu2404-Readme.md
2026-09-11T15:05:50.0262820Z Image Release: https://github.com/actions/runner-images/releases/tag/ubuntu24%2F20260907.300
2026-09-11T15:05:50.0263344Z ##[endgroup]
2026-09-11T15:05:50.0263975Z ##[group]GITHUB_TOKEN Permissions
2026-09-11T15:05:50.0265134Z Contents: read
2026-09-11T15:05:50.0265445Z Metadata: read
2026-09-11T15:05:50.0265863Z ##[endgroup]
2026-09-11T15:05:50.0267345Z Secret source: Actions
2026-09-11T15:05:50.0267967Z Cache mode: write
2026-09-11T15:05:50.0268366Z Prepare workflow directory
2026-09-11T15:05:50.0562687Z Prepare all required actions
2026-09-11T15:05:50.0593313Z Getting action download info
2026-09-11T15:05:50.3691733Z Download action repository 'actions/checkout@v6' (SHA:d23441a48e516b6c34aea4fa41551a30e30af803)
2026-09-11T15:05:50.7619997Z Download action repository 'actions/setup-node@v6' (SHA:249970729cb0ef3589644e2896645e5dc5ba9c38)
2026-09-11T15:05:50.9834854Z Complete job name: publish
2026-09-11T15:05:51.0453463Z ##[group]Run actions/checkout@v6
2026-09-11T15:05:51.0455144Z with:
2026-09-11T15:05:51.0456033Z   repository: TachikomaGundam/Border-Customs
2026-09-11T15:05:51.0462054Z   token: ***
2026-09-11T15:05:51.0462688Z   ssh-strict: true
2026-09-11T15:05:51.0463019Z   ssh-user: git
2026-09-11T15:05:51.0463259Z   persist-credentials: true
2026-09-11T15:05:51.0464405Z   clean: true
2026-09-11T15:05:51.0465166Z   sparse-checkout-cone-mode: true
2026-09-11T15:05:51.0465819Z   fetch-depth: 1
2026-09-11T15:05:51.0467240Z   fetch-tags: false
2026-09-11T15:05:51.0467479Z   show-progress: true
2026-09-11T15:05:51.0467721Z   lfs: false
2026-09-11T15:05:51.0467945Z   submodules: false
2026-09-11T15:05:51.0469732Z   set-safe-directory: true
2026-09-11T15:05:51.0471398Z   allow-unsafe-pr-checkout: false
2026-09-11T15:05:51.0471749Z env:
2026-09-11T15:05:51.0471975Z   REF_NAME: forensics/w3-verdaccio
2026-09-11T15:05:51.0474222Z   EVENT_NAME: workflow_dispatch
2026-09-11T15:05:51.0474733Z ##[endgroup]
2026-09-11T15:05:51.1304505Z Syncing repository: TachikomaGundam/Border-Customs
2026-09-11T15:05:51.1305980Z ##[group]Getting Git version info
2026-09-11T15:05:51.1306760Z Working directory is '/home/runner/work/Border-Customs/Border-Customs'
2026-09-11T15:05:51.1307667Z [command]/usr/bin/git version
2026-09-11T15:05:51.1385690Z git version 2.55.0
2026-09-11T15:05:51.1404650Z ##[endgroup]
2026-09-11T15:05:51.1417512Z Temporarily overriding HOME='/home/runner/work/_temp/9d05f6b7-0738-4d0b-acf2-22ffaa621c2b' before making global git config changes
2026-09-11T15:05:51.1419066Z Adding repository directory to the temporary git global config as a safe directory
2026-09-11T15:05:51.1421520Z [command]/usr/bin/git config --global --add safe.directory /home/runner/work/Border-Customs/Border-Customs
2026-09-11T15:05:51.1468780Z Deleting the contents of '/home/runner/work/Border-Customs/Border-Customs'
2026-09-11T15:05:51.1471192Z ##[group]Determining repository object format
2026-09-11T15:05:51.1472548Z ##[endgroup]
2026-09-11T15:05:51.1473187Z ##[group]Initializing the repository
2026-09-11T15:05:51.1475511Z [command]/usr/bin/git init /home/runner/work/Border-Customs/Border-Customs
2026-09-11T15:05:51.1858274Z hint: Using 'master' as the name for the initial branch. This default branch name
2026-09-11T15:05:51.1859520Z hint: will change to "main" in Git 3.0. To configure the initial branch name
2026-09-11T15:05:51.1860465Z hint: to use in all of your new repositories, which will suppress this warning,
2026-09-11T15:05:51.1861258Z hint: call:
2026-09-11T15:05:51.1861718Z hint:
2026-09-11T15:05:51.1862282Z hint: 	git config --global init.defaultBranch <name>
2026-09-11T15:05:51.1862891Z hint:
2026-09-11T15:05:51.1863524Z hint: Names commonly chosen instead of 'master' are 'main', 'trunk' and
2026-09-11T15:05:51.1864425Z hint: 'development'. The just-created branch can be renamed via this command:
2026-09-11T15:05:51.1865160Z hint:
2026-09-11T15:05:51.1865614Z hint: 	git branch -m <name>
2026-09-11T15:05:51.1866124Z hint:
2026-09-11T15:05:51.1866988Z hint: Disable this message with "git config set advice.defaultBranchName false"
2026-09-11T15:05:51.1868181Z Initialized empty Git repository in /home/runner/work/Border-Customs/Border-Customs/.git/
2026-09-11T15:05:51.1870246Z [command]/usr/bin/git remote add origin https://github.com/TachikomaGundam/Border-Customs
2026-09-11T15:05:51.1913041Z ##[endgroup]
2026-09-11T15:05:51.1913461Z ##[group]Disabling automatic garbage collection
2026-09-11T15:05:51.1915668Z [command]/usr/bin/git config --local gc.auto 0
2026-09-11T15:05:51.1942445Z ##[endgroup]
2026-09-11T15:05:51.1943351Z ##[group]Setting up auth
2026-09-11T15:05:51.1943778Z Removing SSH command configuration
2026-09-11T15:05:51.1947727Z [command]/usr/bin/git config --local --name-only --get-regexp core\.sshCommand
2026-09-11T15:05:51.1975038Z [command]/usr/bin/git submodule foreach --recursive sh -c "git config --local --name-only --get-regexp 'core\.sshCommand' && git config --local --unset-all 'core.sshCommand' || :"
2026-09-11T15:05:51.2277829Z Removing HTTP extra header
2026-09-11T15:05:51.2282730Z [command]/usr/bin/git config --local --name-only --get-regexp http\.https\:\/\/github\.com\/\.extraheader
2026-09-11T15:05:51.2311891Z [command]/usr/bin/git submodule foreach --recursive sh -c "git config --local --name-only --get-regexp 'http\.https\:\/\/github\.com\/\.extraheader' && git config --local --unset-all 'http.https://github.com/.extraheader' || :"
2026-09-11T15:05:51.2474529Z Removing includeIf entries pointing to credentials config files
2026-09-11T15:05:51.2479445Z [command]/usr/bin/git config --local --name-only --get-regexp ^includeIf\.gitdir:
2026-09-11T15:05:51.2507273Z [command]/usr/bin/git submodule foreach --recursive git config --local --show-origin --name-only --get-regexp remote.origin.url
2026-09-11T15:05:51.2680781Z [command]/usr/bin/git config --file /home/runner/work/_temp/git-credentials-a8173cf0-450d-4f74-baeb-a8d42a6b2895.config http.https://github.com/.extraheader AUTHORIZATION: basic ***
2026-09-11T15:05:51.2714438Z [command]/usr/bin/git config --local includeIf.gitdir:/home/runner/work/Border-Customs/Border-Customs/.git.path /home/runner/work/_temp/git-credentials-a8173cf0-450d-4f74-baeb-a8d42a6b2895.config
2026-09-11T15:05:51.2740975Z [command]/usr/bin/git config --local includeIf.gitdir:/home/runner/work/Border-Customs/Border-Customs/.git/worktrees/*.path /home/runner/work/_temp/git-credentials-a8173cf0-450d-4f74-baeb-a8d42a6b2895.config
2026-09-11T15:05:51.2778559Z [command]/usr/bin/git config --local includeIf.gitdir:/github/workspace/.git.path /github/runner_temp/git-credentials-a8173cf0-450d-4f74-baeb-a8d42a6b2895.config
2026-09-11T15:05:51.2809431Z [command]/usr/bin/git config --local includeIf.gitdir:/github/workspace/.git/worktrees/*.path /github/runner_temp/git-credentials-a8173cf0-450d-4f74-baeb-a8d42a6b2895.config
2026-09-11T15:05:51.2832183Z ##[endgroup]
2026-09-11T15:05:51.2832783Z ##[group]Fetching the repository
2026-09-11T15:05:51.2837999Z [command]/usr/bin/git -c protocol.version=2 fetch --no-tags --prune --no-recurse-submodules --depth=1 origin +cc7bf2512cd5fb9c92ec207cc904642a00a87cf1:refs/remotes/origin/forensics/w3-verdaccio
2026-09-11T15:05:52.6827904Z From https://github.com/TachikomaGundam/Border-Customs
2026-09-11T15:05:52.6829568Z  * [new ref]         cc7bf2512cd5fb9c92ec207cc904642a00a87cf1 -> origin/forensics/w3-verdaccio
2026-09-11T15:05:52.6835440Z [command]/usr/bin/git branch --list --remote origin/forensics/w3-verdaccio
2026-09-11T15:05:52.6858817Z   origin/forensics/w3-verdaccio
2026-09-11T15:05:52.6864509Z [command]/usr/bin/git rev-parse refs/remotes/origin/forensics/w3-verdaccio
2026-09-11T15:05:52.6886068Z cc7bf2512cd5fb9c92ec207cc904642a00a87cf1
2026-09-11T15:05:52.6889567Z ##[endgroup]
2026-09-11T15:05:52.6890534Z ##[group]Determining the checkout info
2026-09-11T15:05:52.6891579Z ##[endgroup]
2026-09-11T15:05:52.6893054Z [command]/usr/bin/git sparse-checkout disable
2026-09-11T15:05:52.6937079Z [command]/usr/bin/git config --local --unset-all extensions.worktreeConfig
2026-09-11T15:05:52.6962161Z ##[group]Checking out the ref
2026-09-11T15:05:52.6964488Z [command]/usr/bin/git checkout --progress --force -B forensics/w3-verdaccio refs/remotes/origin/forensics/w3-verdaccio
2026-09-11T15:05:52.8228583Z Switched to a new branch 'forensics/w3-verdaccio'
2026-09-11T15:05:52.8230311Z branch 'forensics/w3-verdaccio' set up to track 'origin/forensics/w3-verdaccio'.
2026-09-11T15:05:52.8242273Z ##[endgroup]
2026-09-11T15:05:52.8279760Z [command]/usr/bin/git log -1 --format=%H
2026-09-11T15:05:52.8302903Z cc7bf2512cd5fb9c92ec207cc904642a00a87cf1
2026-09-11T15:05:52.8548954Z ##[group]Run actions/setup-node@v6
2026-09-11T15:05:52.8549642Z with:
2026-09-11T15:05:52.8550118Z   node-version: 24
2026-09-11T15:05:52.8550673Z   package-manager-cache: false
2026-09-11T15:05:52.8551304Z   check-latest: false
2026-09-11T15:05:52.8557224Z   token: ***
2026-09-11T15:05:52.8557715Z env:
2026-09-11T15:05:52.8558218Z   REF_NAME: forensics/w3-verdaccio
2026-09-11T15:05:52.8558887Z   EVENT_NAME: workflow_dispatch
2026-09-11T15:05:52.8559501Z ##[endgroup]
2026-09-11T15:05:53.0146195Z Found in cache @ /opt/hostedtoolcache/node/24.20.0/x64
2026-09-11T15:05:53.0149715Z ##[group]Environment details
2026-09-11T15:05:57.9324148Z node: v24.20.0
2026-09-11T15:05:57.9324533Z npm: 11.19.0
2026-09-11T15:05:57.9324755Z yarn: 1.22.22
2026-09-11T15:05:57.9325801Z ##[endgroup]
2026-09-11T15:05:57.9438032Z ##[group]Run npm ci
2026-09-11T15:05:57.9438264Z [36;1mnpm ci[0m
2026-09-11T15:05:57.9516227Z shell: /usr/bin/bash -e {0}
2026-09-11T15:05:57.9516535Z env:
2026-09-11T15:05:57.9516693Z   REF_NAME: forensics/w3-verdaccio
2026-09-11T15:05:57.9516876Z   EVENT_NAME: workflow_dispatch
2026-09-11T15:05:57.9517054Z ##[endgroup]
2026-09-11T15:06:05.1693568Z 
2026-09-11T15:06:05.1700521Z added 419 packages, and audited 420 packages in 7s
2026-09-11T15:06:05.1700798Z 
2026-09-11T15:06:05.1700974Z 98 packages are looking for funding
2026-09-11T15:06:05.1701193Z   run `npm fund` for details
2026-09-11T15:06:05.1751885Z 
2026-09-11T15:06:05.1752596Z 6 moderate severity vulnerabilities
2026-09-11T15:06:05.1752821Z 
2026-09-11T15:06:05.1753073Z To address issues that do not require attention, run:
2026-09-11T15:06:05.1753377Z   npm audit fix
2026-09-11T15:06:05.1753492Z 
2026-09-11T15:06:05.1753701Z To address all issues (including breaking changes), run:
2026-09-11T15:06:05.1754078Z   npm audit fix --force
2026-09-11T15:06:05.1754202Z 
2026-09-11T15:06:05.1754314Z Run `npm audit` for details.
2026-09-11T15:06:05.1759047Z npm warn install-scripts 1 package has install scripts not yet covered by allowScripts:
2026-09-11T15:06:05.1759637Z npm warn install-scripts   esbuild@0.25.12 (postinstall: node install.js)
2026-09-11T15:06:05.1759986Z npm warn install-scripts
2026-09-11T15:06:05.1760562Z npm warn install-scripts Run `npm install-scripts ls` to review, or `npm install-scripts approve <pkg>` to allow.
2026-09-11T15:06:05.2240193Z ##[group]Run set -eu
2026-09-11T15:06:05.2240389Z [36;1mset -eu[0m
2026-09-11T15:06:05.2240591Z [36;1mPKG_VERSION="$(node -p 'require("./package.json").version')"[0m
2026-09-11T15:06:05.2240816Z [36;1mecho "package.json version: ${PKG_VERSION}"[0m
2026-09-11T15:06:05.2241170Z [36;1mif [ "${EVENT_NAME}" = "push" ]; then[0m
2026-09-11T15:06:05.2241350Z [36;1m  if [ "${REF_NAME}" != "v${PKG_VERSION}" ]; then[0m
2026-09-11T15:06:05.2241640Z [36;1m    echo "::error::git tag '${REF_NAME}' does not match package.json version 'v${PKG_VERSION}'"[0m
2026-09-11T15:06:05.2241874Z [36;1m    exit 1[0m
2026-09-11T15:06:05.2241985Z [36;1m  fi[0m
2026-09-11T15:06:05.2242121Z [36;1m  echo "tag ${REF_NAME} matches v${PKG_VERSION}"[0m
2026-09-11T15:06:05.2242288Z [36;1melse[0m
2026-09-11T15:06:05.2242472Z [36;1m  echo "workflow_dispatch: skipping tag compare (untagged ${PKG_VERSION} cut)"[0m
2026-09-11T15:06:05.2242687Z [36;1mfi[0m
2026-09-11T15:06:05.2274404Z shell: /usr/bin/bash -e {0}
2026-09-11T15:06:05.2274544Z env:
2026-09-11T15:06:05.2274661Z   REF_NAME: forensics/w3-verdaccio
2026-09-11T15:06:05.2274807Z   EVENT_NAME: workflow_dispatch
2026-09-11T15:06:05.2274937Z ##[endgroup]
2026-09-11T15:06:05.2574995Z package.json version: 0.4.1
2026-09-11T15:06:05.2575357Z workflow_dispatch: skipping tag compare (untagged 0.4.1 cut)
2026-09-11T15:06:05.2596710Z ##[group]Run npm run build
2026-09-11T15:06:05.2596883Z [36;1mnpm run build[0m
2026-09-11T15:06:05.2626763Z shell: /usr/bin/bash -e {0}
2026-09-11T15:06:05.2626904Z env:
2026-09-11T15:06:05.2627019Z   REF_NAME: forensics/w3-verdaccio
2026-09-11T15:06:05.2627169Z   EVENT_NAME: workflow_dispatch
2026-09-11T15:06:05.2627305Z ##[endgroup]
2026-09-11T15:06:05.3304022Z 
2026-09-11T15:06:05.3304742Z > border-customs@0.4.1 build
2026-09-11T15:06:05.3306012Z > esbuild src/index.ts --bundle --format=esm --platform=node --banner:js='import{createRequire as __borderRequire}from"node:module";const require=__borderRequire(import.meta.url);' --outfile=dist/index.js && node tools/copy-assets.mjs
2026-09-11T15:06:05.3307003Z 
2026-09-11T15:06:05.3760339Z 
2026-09-11T15:06:05.3768965Z   dist/index.js  1.6mb ⚠️
2026-09-11T15:06:05.3769145Z 
2026-09-11T15:06:05.3769267Z ⚡ Done in 41ms
2026-09-11T15:06:05.5609940Z assets staged into dist/assets/
2026-09-11T15:06:05.5740626Z ##[group]Run set -eu
2026-09-11T15:06:05.5740791Z [36;1mset -eu[0m
2026-09-11T15:06:05.5740971Z [36;1m# NOTE: the CLI intentionally has no --version flag (src/cli.ts exits 2[0m
2026-09-11T15:06:05.5741241Z [36;1m# on unknown commands), so the version is proven from package.json here[0m
2026-09-11T15:06:05.5741509Z [36;1m# and the built entry is exercised via --help. Deliberate deviation from[0m
2026-09-11T15:06:05.5741773Z [36;1m# the original brief — do not add --version to the CLI just for CI.[0m
2026-09-11T15:06:05.5741996Z [36;1mnode -p 'require("./package.json").version'[0m
2026-09-11T15:06:05.5742177Z [36;1mnode dist/index.js --help > /dev/null[0m
2026-09-11T15:06:05.5742367Z [36;1mecho "smoke ok: dist/index.js built, --help exits 0"[0m
2026-09-11T15:06:05.5771346Z shell: /usr/bin/bash -e {0}
2026-09-11T15:06:05.5771475Z env:
2026-09-11T15:06:05.5771588Z   REF_NAME: forensics/w3-verdaccio
2026-09-11T15:06:05.5771752Z   EVENT_NAME: workflow_dispatch
2026-09-11T15:06:05.5771900Z ##[endgroup]
2026-09-11T15:06:05.5995922Z 0.4.1
2026-09-11T15:06:05.6709709Z smoke ok: dist/index.js built, --help exits 0
2026-09-11T15:06:05.6731455Z ##[group]Run set -euo pipefail
2026-09-11T15:06:05.6731649Z [36;1mset -euo pipefail[0m
2026-09-11T15:06:05.6731790Z [36;1mmkdir -p "$HOME/.local/bin"[0m
2026-09-11T15:06:05.6731936Z [36;1mcd "$(mktemp -d)"[0m
2026-09-11T15:06:05.6732216Z [36;1mcurl -fsSLO https://github.com/gitleaks/gitleaks/releases/download/v8.30.1/gitleaks_8.30.1_linux_x64.tar.gz[0m
2026-09-11T15:06:05.6732626Z [36;1mcurl -fsSLO https://github.com/gitleaks/gitleaks/releases/download/v8.30.1/gitleaks_8.30.1_checksums.txt[0m
2026-09-11T15:06:05.6732994Z [36;1mgrep ' gitleaks_8.30.1_linux_x64.tar.gz$' gitleaks_8.30.1_checksums.txt | sha256sum -c -[0m
2026-09-11T15:06:05.6733256Z [36;1mtar -xzf gitleaks_8.30.1_linux_x64.tar.gz gitleaks[0m
2026-09-11T15:06:05.6733468Z [36;1minstall -m 0755 gitleaks "$HOME/.local/bin/gitleaks"[0m
2026-09-11T15:06:05.6733780Z [36;1m"$HOME/.local/bin/gitleaks" --version[0m
2026-09-11T15:06:05.6733985Z [36;1mpython3 -m pip install --user --break-system-packages \[0m
2026-09-11T15:06:05.6734256Z [36;1m  build==1.6.0 twine==7.0.0 wheel==0.46.3 setuptools==78.1.1 httpx==0.28.1[0m
2026-09-11T15:06:05.6734464Z [36;1mpython3 -m build --version[0m
2026-09-11T15:06:05.6734612Z [36;1mpython3 -m twine --version[0m
2026-09-11T15:06:05.6734821Z [36;1mpython3 -c 'import setuptools; print("setuptools", setuptools.__version__)'[0m
2026-09-11T15:06:05.6735087Z [36;1mpython3 -c 'import httpx; print("httpx", httpx.__version__)'[0m
2026-09-11T15:06:05.6764988Z shell: /usr/bin/bash -e {0}
2026-09-11T15:06:05.6765124Z env:
2026-09-11T15:06:05.6765240Z   REF_NAME: forensics/w3-verdaccio
2026-09-11T15:06:05.6765392Z   EVENT_NAME: workflow_dispatch
2026-09-11T15:06:05.6765524Z ##[endgroup]
2026-09-11T15:06:06.2550585Z gitleaks_8.30.1_linux_x64.tar.gz: OK
2026-09-11T15:06:06.5313388Z gitleaks version 8.30.1
2026-09-11T15:06:09.6128555Z Collecting build==1.6.0
2026-09-11T15:06:09.6509118Z   Downloading build-1.6.0-py3-none-any.whl.metadata (5.6 kB)
2026-09-11T15:06:09.7292999Z Collecting twine==7.0.0
2026-09-11T15:06:09.7320307Z   Downloading twine-7.0.0-py3-none-any.whl.metadata (3.5 kB)
2026-09-11T15:06:09.7592902Z Collecting wheel==0.46.3
2026-09-11T15:06:09.7618843Z   Downloading wheel-0.46.3-py3-none-any.whl.metadata (2.4 kB)
2026-09-11T15:06:09.9663077Z Collecting setuptools==78.1.1
2026-09-11T15:06:09.9691654Z   Downloading setuptools-78.1.1-py3-none-any.whl.metadata (6.5 kB)
2026-09-11T15:06:09.9947374Z Collecting httpx==0.28.1
2026-09-11T15:06:09.9972522Z   Downloading httpx-0.28.1-py3-none-any.whl.metadata (7.1 kB)
2026-09-11T15:06:10.0035638Z Requirement already satisfied: packaging>=24.0 in /usr/lib/python3/dist-packages (from build==1.6.0) (24.0)
2026-09-11T15:06:10.0180701Z Collecting pyproject_hooks (from build==1.6.0)
2026-09-11T15:06:10.0203481Z   Downloading pyproject_hooks-1.2.0-py3-none-any.whl.metadata (1.3 kB)
2026-09-11T15:06:10.0435740Z Collecting readme-renderer>=35.0 (from twine==7.0.0)
2026-09-11T15:06:10.0459332Z   Downloading readme_renderer-46.0-py3-none-any.whl.metadata (3.0 kB)
2026-09-11T15:06:10.0487627Z Requirement already satisfied: requests>=2.20 in /usr/lib/python3/dist-packages (from twine==7.0.0) (2.31.0)
2026-09-11T15:06:10.0669352Z Collecting requests-toolbelt!=0.9.0,>=0.8.0 (from twine==7.0.0)
2026-09-11T15:06:10.0694649Z   Downloading requests_toolbelt-1.0.0-py2.py3-none-any.whl.metadata (14 kB)
2026-09-11T15:06:10.0732683Z Requirement already satisfied: urllib3>=1.26.0 in /usr/lib/python3/dist-packages (from twine==7.0.0) (2.0.7)
2026-09-11T15:06:10.1042707Z Collecting keyring>=21.2.0 (from twine==7.0.0)
2026-09-11T15:06:10.1071259Z   Downloading keyring-25.7.0-py3-none-any.whl.metadata (21 kB)
2026-09-11T15:06:10.3032762Z Collecting rfc3986>=1.4.0 (from twine==7.0.0)
2026-09-11T15:06:10.3059642Z   Downloading rfc3986-2.0.0-py2.py3-none-any.whl.metadata (6.6 kB)
2026-09-11T15:06:10.3486114Z Collecting rich>=14.3.3 (from twine==7.0.0)
2026-09-11T15:06:10.3511163Z   Downloading rich-15.0.0-py3-none-any.whl.metadata (18 kB)
2026-09-11T15:06:10.3763807Z Collecting packaging>=24.0 (from build==1.6.0)
2026-09-11T15:06:10.3787201Z   Downloading packaging-26.3-py3-none-any.whl.metadata (3.5 kB)
2026-09-11T15:06:10.3964347Z Collecting id (from twine==7.0.0)
2026-09-11T15:06:10.3989353Z   Downloading id-1.6.1-py3-none-any.whl.metadata (5.1 kB)
2026-09-11T15:06:10.4463414Z Collecting anyio (from httpx==0.28.1)
2026-09-11T15:06:10.4488118Z   Downloading anyio-4.15.1-py3-none-any.whl.metadata (4.7 kB)
2026-09-11T15:06:10.4517190Z Requirement already satisfied: certifi in /usr/lib/python3/dist-packages (from httpx==0.28.1) (2023.11.17)
2026-09-11T15:06:10.4933726Z Collecting httpcore==1.* (from httpx==0.28.1)
2026-09-11T15:06:10.4960782Z   Downloading httpcore-1.0.9-py3-none-any.whl.metadata (21 kB)
2026-09-11T15:06:10.4998464Z Requirement already satisfied: idna in /usr/lib/python3/dist-packages (from httpx==0.28.1) (3.6)
2026-09-11T15:06:10.5179089Z Collecting h11>=0.16 (from httpcore==1.*->httpx==0.28.1)
2026-09-11T15:06:10.5202956Z   Downloading h11-0.16.0-py3-none-any.whl.metadata (8.3 kB)
2026-09-11T15:06:10.5474221Z Collecting SecretStorage>=3.2 (from keyring>=21.2.0->twine==7.0.0)
2026-09-11T15:06:10.5497336Z   Downloading secretstorage-3.5.0-py3-none-any.whl.metadata (4.0 kB)
2026-09-11T15:06:10.5680447Z Collecting jeepney>=0.4.2 (from keyring>=21.2.0->twine==7.0.0)
2026-09-11T15:06:10.5704838Z   Downloading jeepney-0.9.0-py3-none-any.whl.metadata (1.2 kB)
2026-09-11T15:06:10.5898240Z Collecting jaraco.classes (from keyring>=21.2.0->twine==7.0.0)
2026-09-11T15:06:10.5922190Z   Downloading jaraco.classes-3.4.0-py3-none-any.whl.metadata (2.6 kB)
2026-09-11T15:06:10.6140646Z Collecting jaraco.functools (from keyring>=21.2.0->twine==7.0.0)
2026-09-11T15:06:10.6164614Z   Downloading jaraco_functools-4.6.0-py3-none-any.whl.metadata (2.9 kB)
2026-09-11T15:06:10.6360942Z Collecting jaraco.context (from keyring>=21.2.0->twine==7.0.0)
2026-09-11T15:06:10.6385934Z   Downloading jaraco_context-6.1.2-py3-none-any.whl.metadata (4.2 kB)
2026-09-11T15:06:10.6780848Z Collecting nh3>=0.2.14 (from readme-renderer>=35.0->twine==7.0.0)
2026-09-11T15:06:10.6806633Z   Downloading nh3-0.3.7-cp38-abi3-manylinux_2_17_x86_64.manylinux2014_x86_64.whl.metadata (2.0 kB)
2026-09-11T15:06:10.7033830Z Collecting docutils>=0.21.2 (from readme-renderer>=35.0->twine==7.0.0)
2026-09-11T15:06:10.7057540Z   Downloading docutils-0.23-py3-none-any.whl.metadata (15 kB)
2026-09-11T15:06:10.7092964Z Requirement already satisfied: Pygments>=2.5.1 in /usr/lib/python3/dist-packages (from readme-renderer>=35.0->twine==7.0.0) (2.17.2)
2026-09-11T15:06:10.7174143Z Requirement already satisfied: markdown-it-py>=2.2.0 in /usr/lib/python3/dist-packages (from rich>=14.3.3->twine==7.0.0) (3.0.0)
2026-09-11T15:06:10.7452284Z Collecting typing_extensions>=4.16.0 (from anyio->httpx==0.28.1)
2026-09-11T15:06:10.7475632Z   Downloading typing_extensions-4.16.0-py3-none-any.whl.metadata (3.3 kB)
2026-09-11T15:06:10.8564975Z Requirement already satisfied: mdurl~=0.1 in /usr/lib/python3/dist-packages (from markdown-it-py>=2.2.0->rich>=14.3.3->twine==7.0.0) (0.1.2)
2026-09-11T15:06:10.8627355Z Requirement already satisfied: cryptography>=2.0 in /usr/lib/python3/dist-packages (from SecretStorage>=3.2->keyring>=21.2.0->twine==7.0.0) (41.0.7)
2026-09-11T15:06:10.8907600Z Collecting more-itertools (from jaraco.classes->keyring>=21.2.0->twine==7.0.0)
2026-09-11T15:06:10.8933378Z   Downloading more_itertools-11.1.0-py3-none-any.whl.metadata (41 kB)
2026-09-11T15:06:10.8977654Z      ━━━━━━━━━━━━━━━━━━━━━━━━━━━━━━━━━━━━━━━━ 41.4/41.4 kB 16.8 MB/s eta 0:00:00
2026-09-11T15:06:10.9325280Z Downloading build-1.6.0-py3-none-any.whl (31 kB)
2026-09-11T15:06:10.9373983Z Downloading twine-7.0.0-py3-none-any.whl (43 kB)
2026-09-11T15:06:11.0303120Z    ━━━━━━━━━━━━━━━━━━━━━━━━━━━━━━━━━━━━━━━━ 43.2/43.2 kB 364.7 kB/s eta 0:00:00
2026-09-11T15:06:11.0351309Z Downloading wheel-0.46.3-py3-none-any.whl (30 kB)
2026-09-11T15:06:11.0442479Z Downloading setuptools-78.1.1-py3-none-any.whl (1.3 MB)
2026-09-11T15:06:11.0579878Z    ━━━━━━━━━━━━━━━━━━━━━━━━━━━━━━━━━━━━━━━━ 1.3/1.3 MB 105.5 MB/s eta 0:00:00
2026-09-11T15:06:11.0606052Z Downloading httpx-0.28.1-py3-none-any.whl (73 kB)
2026-09-11T15:06:11.0636586Z    ━━━━━━━━━━━━━━━━━━━━━━━━━━━━━━━━━━━━━━━━ 73.5/73.5 kB 32.7 MB/s eta 0:00:00
2026-09-11T15:06:11.0664259Z Downloading httpcore-1.0.9-py3-none-any.whl (78 kB)
2026-09-11T15:06:11.0769497Z    ━━━━━━━━━━━━━━━━━━━━━━━━━━━━━━━━━━━━━━━━ 78.8/78.8 kB 7.3 MB/s eta 0:00:00
2026-09-11T15:06:11.0792362Z Downloading keyring-25.7.0-py3-none-any.whl (39 kB)
2026-09-11T15:06:11.0834168Z Downloading packaging-26.3-py3-none-any.whl (129 kB)
2026-09-11T15:06:11.0866780Z    ━━━━━━━━━━━━━━━━━━━━━━━━━━━━━━━━━━━━━━━━ 130.0/130.0 kB 59.8 MB/s eta 0:00:00
2026-09-11T15:06:11.0890110Z Downloading readme_renderer-46.0-py3-none-any.whl (14 kB)
2026-09-11T15:06:11.0939888Z Downloading requests_toolbelt-1.0.0-py2.py3-none-any.whl (54 kB)
2026-09-11T15:06:11.0969055Z    ━━━━━━━━━━━━━━━━━━━━━━━━━━━━━━━━━━━━━━━━ 54.5/54.5 kB 24.0 MB/s eta 0:00:00
2026-09-11T15:06:11.0992494Z Downloading rfc3986-2.0.0-py2.py3-none-any.whl (31 kB)
2026-09-11T15:06:11.1037922Z Downloading rich-15.0.0-py3-none-any.whl (310 kB)
2026-09-11T15:06:11.1075079Z    ━━━━━━━━━━━━━━━━━━━━━━━━━━━━━━━━━━━━━━━ 310.7/310.7 kB 117.5 MB/s eta 0:00:00
2026-09-11T15:06:11.1101366Z Downloading anyio-4.15.1-py3-none-any.whl (132 kB)
2026-09-11T15:06:11.1173704Z    ━━━━━━━━━━━━━━━━━━━━━━━━━━━━━━━━━━━━━━━━ 132.1/132.1 kB 19.6 MB/s eta 0:00:00
2026-09-11T15:06:11.1198485Z Downloading id-1.6.1-py3-none-any.whl (14 kB)
2026-09-11T15:06:11.1239560Z Downloading pyproject_hooks-1.2.0-py3-none-any.whl (10 kB)
2026-09-11T15:06:11.1281882Z Downloading docutils-0.23-py3-none-any.whl (634 kB)
2026-09-11T15:06:11.1825453Z    ━━━━━━━━━━━━━━━━━━━━━━━━━━━━━━━━━━━━━━━━ 634.7/634.7 kB 11.8 MB/s eta 0:00:00
2026-09-11T15:06:11.1851395Z Downloading h11-0.16.0-py3-none-any.whl (37 kB)
2026-09-11T15:06:11.1900072Z Downloading jeepney-0.9.0-py3-none-any.whl (49 kB)
2026-09-11T15:06:11.1941119Z    ━━━━━━━━━━━━━━━━━━━━━━━━━━━━━━━━━━━━━━━━ 49.0/49.0 kB 13.5 MB/s eta 0:00:00
2026-09-11T15:06:11.1968082Z Downloading nh3-0.3.7-cp38-abi3-manylinux_2_17_x86_64.manylinux2014_x86_64.whl (832 kB)
2026-09-11T15:06:11.2328883Z    ━━━━━━━━━━━━━━━━━━━━━━━━━━━━━━━━━━━━━━━━ 832.2/832.2 kB 23.6 MB/s eta 0:00:00
2026-09-11T15:06:11.2356542Z Downloading secretstorage-3.5.0-py3-none-any.whl (15 kB)
2026-09-11T15:06:11.3947790Z Downloading typing_extensions-4.16.0-py3-none-any.whl (45 kB)
2026-09-11T15:06:11.3974802Z    ━━━━━━━━━━━━━━━━━━━━━━━━━━━━━━━━━━━━━━━━ 45.6/45.6 kB 22.1 MB/s eta 0:00:00
2026-09-11T15:06:11.3997891Z Downloading jaraco.classes-3.4.0-py3-none-any.whl (6.8 kB)
2026-09-11T15:06:11.4035853Z Downloading jaraco_context-6.1.2-py3-none-any.whl (7.9 kB)
2026-09-11T15:06:11.4073464Z Downloading jaraco_functools-4.6.0-py3-none-any.whl (11 kB)
2026-09-11T15:06:11.4111604Z Downloading more_itertools-11.1.0-py3-none-any.whl (72 kB)
2026-09-11T15:06:11.4157740Z    ━━━━━━━━━━━━━━━━━━━━━━━━━━━━━━━━━━━━━━━━ 72.2/72.2 kB 17.5 MB/s eta 0:00:00
2026-09-11T15:06:11.6484888Z Installing collected packages: typing_extensions, setuptools, rfc3986, requests-toolbelt, pyproject_hooks, packaging, nh3, more-itertools, jeepney, jaraco.context, id, h11, docutils, wheel, SecretStorage, rich, readme-renderer, jaraco.functools, jaraco.classes, httpcore, build, anyio, keyring, httpx, twine
2026-09-11T15:06:13.5132925Z Successfully installed SecretStorage-3.5.0 anyio-4.15.1 build-1.6.0 docutils-0.23 h11-0.16.0 httpcore-1.0.9 httpx-0.28.1 id-1.6.1 jaraco.classes-3.4.0 jaraco.context-6.1.2 jaraco.functools-4.6.0 jeepney-0.9.0 keyring-25.7.0 more-itertools-11.1.0 nh3-0.3.7 packaging-26.3 pyproject_hooks-1.2.0 readme-renderer-46.0 requests-toolbelt-1.0.0 rfc3986-2.0.0 rich-15.0.0 setuptools-78.1.1 twine-7.0.0 typing_extensions-4.16.0 wheel-0.46.3
2026-09-11T15:06:14.1369100Z build 1.6.0 (/home/runner/.local/lib/python3.12/site-packages/build)
2026-09-11T15:06:14.2708786Z twine version 7.0.0 (readme-renderer: 46.0, requests: 2.31.0, requests-
2026-09-11T15:06:14.2709352Z toolbelt: 1.0.0, urllib3: 2.0.7, keyring: 25.7.0, rfc3986: 2.0.0, rich:
2026-09-11T15:06:14.2709701Z 15.0.0, packaging: 26.3, id: 1.6.1)
2026-09-11T15:06:14.4615545Z setuptools 78.1.1
2026-09-11T15:06:15.5828652Z httpx 0.28.1
2026-09-11T15:06:15.6019677Z ##[group]Run # errexit OFF: the runner's default `bash -e` kills this script at the
2026-09-11T15:06:15.6020040Z [36;1m# errexit OFF: the runner's default `bash -e` kills this script at the[0m
2026-09-11T15:06:15.6020292Z [36;1m# intentional red `npm test` before TEST_EXIT=$? is captured; every[0m
2026-09-11T15:06:15.6020544Z [36;1m# failure path below already echoes ::error:: and exits 1 explicitly.[0m
2026-09-11T15:06:15.6020744Z [36;1mset +e; set -u[0m
2026-09-11T15:06:15.6020900Z [36;1mTEST_LOG="$(mktemp)"; trap 'rm -f "$TEST_LOG"' EXIT[0m
2026-09-11T15:06:15.6021099Z [36;1mBORDER_PACK_TEST=1 npm test > "$TEST_LOG" 2>&1[0m
2026-09-11T15:06:15.6021260Z [36;1mTEST_EXIT=$?[0m
2026-09-11T15:06:15.6021380Z [36;1mtail -n 20 "$TEST_LOG"[0m
2026-09-11T15:06:15.6021506Z [36;1m[0m
2026-09-11T15:06:15.6021677Z [36;1mSUM_TESTS="$(sed -n 's/^# tests \([0-9][0-9]*\)$/\1/p' "$TEST_LOG" | tail -n 1)"[0m
2026-09-11T15:06:15.6021958Z [36;1mSUM_PASS="$(sed -n 's/^# pass \([0-9][0-9]*\)$/\1/p' "$TEST_LOG" | tail -n 1)"[0m
2026-09-11T15:06:15.6022206Z [36;1mSUM_FAIL="$(sed -n 's/^# fail \([0-9][0-9]*\)$/\1/p' "$TEST_LOG" | tail -n 1)"[0m
2026-09-11T15:06:15.6022466Z [36;1m# node TAP's "# tests" total INCLUDES skipped tests but "# pass"/"# fail"[0m
2026-09-11T15:06:15.6022718Z [36;1m# exclude them, so the "# skipped N" count joins the balance equation[0m
2026-09-11T15:06:15.6022972Z [36;1m# below (line verified present in the tap reporter; absent ⇒ 0, never a[0m
2026-09-11T15:06:15.6023235Z [36;1m# parse failure — skips must not fake an unparsable-summary exit).[0m
2026-09-11T15:06:15.6023514Z [36;1mSUM_SKIPPED="$(sed -n 's/^# skipped \([0-9][0-9]*\)$/\1/p' "$TEST_LOG" | tail -n 1)"[0m
2026-09-11T15:06:15.6023745Z [36;1m[ -z "$SUM_SKIPPED" ] && SUM_SKIPPED=0[0m
2026-09-11T15:06:15.6023947Z [36;1mif [ -z "$SUM_TESTS" ] || [ -z "$SUM_PASS" ] || [ -z "$SUM_FAIL" ]; then[0m
2026-09-11T15:06:15.6024233Z [36;1m  echo "::error::could not parse TAP summary counts (# tests/# pass/# fail) — failing closed"[0m
2026-09-11T15:06:15.6024459Z [36;1m  exit 1[0m
2026-09-11T15:06:15.6024565Z [36;1mfi[0m
2026-09-11T15:06:15.6024663Z [36;1m[0m
2026-09-11T15:06:15.6024830Z [36;1m# sanctioned-failure allowlist — the ONE obvious constant (exact TAP[0m
2026-09-11T15:06:15.6025074Z [36;1m# titles, compared set-wise against every '^not ok ' line)[0m
2026-09-11T15:06:15.6025317Z [36;1m# ALLOWLIST v2 (forensics run 34368183013, 2026-09-09): the exact-set rule is[0m
2026-09-11T15:06:15.6025586Z [36;1m# kept FULLY fail-closed - every entry is a NAMED red with a category and a[0m
2026-09-11T15:06:15.6025864Z [36;1m# retirement condition below. ANY other failure, ANY entry newly passing,[0m
2026-09-11T15:06:15.6026083Z [36;1m# or a counts mismatch still exits 1.[0m
2026-09-11T15:06:15.6026251Z [36;1mcat > /tmp/sanctioned.txt <<'SANCTIONED'[0m
2026-09-11T15:06:15.6026687Z [36;1m# dev-box golden: check key embeds toolchain fingerprints byte-stable only on the capturing machine[0m
2026-09-11T15:06:15.6027096Z [36;1mchannels golden: check key, exposureSet and DRY-RUN stdout are byte-identical to the post-refactor capture at this location[0m
2026-09-11T15:06:15.6027459Z [36;1m# PLANNED WIP red (border-push-channels C5) - retire when that scope lands[0m
2026-09-11T15:06:15.6027869Z [36;1mC5-1 subset discipline: a git-only PASS authorizes NO publish leg; a full PASS authorizes no crates-only push (fingerprint effectiveTargets scope binding)[0m
2026-09-11T15:06:15.6028274Z [36;1m# PLANNED WIP red (border-push-channels C5) - retire when that scope lands[0m
2026-09-11T15:06:15.6028862Z [36;1mC5-4 ordering: publish legs execute in descriptor order git→npm→pypi→crates→rubygems (exact spawn sequence), all five push-records under ONE key[0m
2026-09-11T15:06:15.6029394Z [36;1m# dev-box golden: recorded .gem sha encodes this image's ruby toolchain; byte-determinism holds per-environment, the constant does not[0m
2026-09-11T15:06:15.6029974Z [36;1mstage: real gem build lands .border/dist/<name>-<version>.gem, deterministic sha256, tmp cleaned, scans are artifact-root-relative[0m
2026-09-11T15:06:15.6030437Z [36;1m# dev-box golden: recorded .gem sha encodes this image's ruby toolchain; byte-determinism holds per-environment, the constant does not[0m
2026-09-11T15:06:15.6030887Z [36;1mfreshness: rubygems repacks via the shared REPACKERS lookup; ambiguous tree or s.date => null (fail-closed, never a skip)[0m
2026-09-11T15:06:15.6031417Z [36;1m# push-channels WIP, loopback verdaccio: green on dev box, PUT never lands on hosted runners (root-cause under border-push-channels) - retire with that scope or on portability fix[0m
2026-09-11T15:06:15.6031942Z [36;1mI1 git+npm PENDING: push --yes lands the bare, publishes to verdaccio, and writes BOTH push-records under the PASS key[0m
2026-09-11T15:06:15.6032460Z [36;1m# push-channels WIP, loopback verdaccio: green on dev box, PUT never lands on hosted runners (root-cause under border-push-channels) - retire with that scope or on portability fix[0m
2026-09-11T15:06:15.6033016Z [36;1mAC1 npm E2E: dry-run prints exact command with ZERO verdaccio hits; --yes publishes with warning-before-spawn, visible version, push-record[0m
2026-09-11T15:06:15.6033573Z [36;1m# push-channels WIP, loopback verdaccio: green on dev box, PUT never lands on hosted runners (root-cause under border-push-channels) - retire with that scope or on portability fix[0m
2026-09-11T15:06:15.6034074Z [36;1mAC3 npm double-publish: second --yes attempt re-probes, hard-FAILs with bump message, issues no PUT[0m
2026-09-11T15:06:15.6034327Z [36;1mSANCTIONED[0m
2026-09-11T15:06:15.6034492Z [36;1msed -i -e 's/^[[:space:]]*//' -e '/^#/d' /tmp/sanctioned.txt[0m
2026-09-11T15:06:15.6034666Z [36;1m[0m
2026-09-11T15:06:15.6034856Z [36;1mgrep '^not ok ' "$TEST_LOG" | sed -E 's/^not ok [0-9]+ - //' | sort > /tmp/actual-failures.txt[0m
2026-09-11T15:06:15.6035116Z [36;1msort /tmp/sanctioned.txt > /tmp/sanctioned.sorted.txt[0m
2026-09-11T15:06:15.6035287Z [36;1m[0m
2026-09-11T15:06:15.6035462Z [36;1mif ! diff -u /tmp/sanctioned.sorted.txt /tmp/actual-failures.txt; then[0m
2026-09-11T15:06:15.6035818Z [36;1m  echo "::error::failing-test set is NOT exactly the sanctioned allowlist (diff above: - expected / + actual) — failing closed"[0m
2026-09-11T15:06:15.6036101Z [36;1m  exit 1[0m
2026-09-11T15:06:15.6036206Z [36;1mfi[0m
2026-09-11T15:06:15.6036424Z [36;1m[0m
2026-09-11T15:06:15.6036571Z [36;1mACTUAL_N="$(grep -c . /tmp/actual-failures.txt || true)"[0m
2026-09-11T15:06:15.6036871Z [36;1mif [ "$SUM_FAIL" != "$ACTUAL_N" ] || [ "$((SUM_PASS + SUM_FAIL + SUM_SKIPPED))" != "$SUM_TESTS" ] || [ "$SUM_FAIL" -eq 0 ]; then[0m
2026-09-11T15:06:15.6037292Z [36;1m  echo "::error::TAP counts inconsistent (tests=${SUM_TESTS} pass=${SUM_PASS} fail=${SUM_FAIL} not-ok-lines=${ACTUAL_N}) — failing closed"[0m
2026-09-11T15:06:15.6037589Z [36;1m  exit 1[0m
2026-09-11T15:06:15.6037693Z [36;1mfi[0m
2026-09-11T15:06:15.6037867Z [36;1m# with a non-empty allowlist enforced above, a suite carrying exactly the[0m
2026-09-11T15:06:15.6038140Z [36;1m# sanctioned reds must exit 1; exit 0 would mean TAP and the runner disagree.[0m
2026-09-11T15:06:15.6038370Z [36;1mif [ "$TEST_EXIT" -ne 1 ]; then[0m
2026-09-11T15:06:15.6038649Z [36;1m  echo "::error::expected 'npm test' to exit 1 (sanctioned reds present); got ${TEST_EXIT} — failing closed"[0m
2026-09-11T15:06:15.6038902Z [36;1m  exit 1[0m
2026-09-11T15:06:15.6039003Z [36;1mfi[0m
2026-09-11T15:06:15.6039185Z [36;1mrm -f /tmp/sanctioned.txt /tmp/actual-failures.txt /tmp/sanctioned.sorted.txt[0m
2026-09-11T15:06:15.6039551Z [36;1mecho "release gate green: ${SUM_TESTS} tests / ${SUM_PASS} pass / exactly ${SUM_FAIL} sanctioned failure(s) matching the allowlist"[0m
2026-09-11T15:06:15.6068803Z shell: /usr/bin/bash -e {0}
2026-09-11T15:06:15.6068934Z env:
2026-09-11T15:06:15.6069046Z   REF_NAME: forensics/w3-verdaccio
2026-09-11T15:06:15.6069188Z   EVENT_NAME: workflow_dispatch
2026-09-11T15:06:15.6069320Z ##[endgroup]
2026-09-11T15:09:14.0994142Z # W3F| final log tail: [35mhttp [39m[37m[32m<--[37m [33m200[37m, user: [1mnull[22m([32m127.0.0.1[37m), req: '[32mPUT[37m [32m/w3f-widget[37m', bytes: [33m1263[37m/[33m0[37m[39m
2026-09-11T15:09:14.0995381Z # W3F| final log tail: [35mhttp [39m[37m[32m<--[37m [33m201[37m, user: [1mnull[22m([32m127.0.0.1[37m), req: '[32mPUT[37m [32m/w3f-widget[37m', bytes: [33m1263[37m/[33m53[37m[39m
2026-09-11T15:09:14.0995889Z # W3F| final log tail: 
2026-09-11T15:09:14.0996511Z # W3F| MATRIX: {"B1":"hits 0 -> 0 (puts 0), exit=0","B2":"hits 0 -> 0 (puts 0), exit=0","B3":"hits 0 -> 0 (puts 0), exit=0"}
2026-09-11T15:09:14.0997637Z # W3F| READ ME: B1 red + B2 green => border's spawn wiring (env merge/cwd/stdio). | B1+B2 red + B3 green => a runner env var rewrites/silences the publish (B2 silly stderr shows where the PUT went). | all red + in-process GET log delta flat => verdaccio stdout-to-file logging is the broken leg on the runner image. | all red + packument hasVersion=true => traffic lands but never logs; trio assertions (log-line counts) are what breaks, not npm.
2026-09-11T15:09:14.0998888Z # Subtest: W3F verdaccio loopback publish matrix
2026-09-11T15:09:14.0999219Z ok 707 - W3F verdaccio loopback publish matrix
2026-09-11T15:09:14.0999459Z   ---
2026-09-11T15:09:14.0999633Z   duration_ms: 10312.673577
2026-09-11T15:09:14.0999834Z   type: 'test'
2026-09-11T15:09:14.0999999Z   ...
2026-09-11T15:09:14.1000150Z 1..707
2026-09-11T15:09:14.1000303Z # tests 707
2026-09-11T15:09:14.1000461Z # suites 0
2026-09-11T15:09:14.1000616Z # pass 690
2026-09-11T15:09:14.1000775Z # fail 7
2026-09-11T15:09:14.1000941Z # cancelled 0
2026-09-11T15:09:14.1001108Z # skipped 10
2026-09-11T15:09:14.1001267Z # todo 0
2026-09-11T15:09:14.1001533Z # duration_ms 178356.777682
2026-09-11T15:09:14.1132222Z --- /tmp/sanctioned.sorted.txt	2026-09-11 15:09:14.109909575 +0000
2026-09-11T15:09:14.1132582Z +++ /tmp/actual-failures.txt	2026-09-11 15:09:14.108909594 +0000
2026-09-11T15:09:14.1132803Z @@ -5,4 +5,3 @@
2026-09-11T15:09:14.1133096Z  I1 git+npm PENDING: push --yes lands the bare, publishes to verdaccio, and writes BOTH push-records under the PASS key
2026-09-11T15:09:14.1133632Z  channels golden: check key, exposureSet and DRY-RUN stdout are byte-identical to the post-refactor capture at this location
2026-09-11T15:09:14.1134433Z  freshness: rubygems repacks via the shared REPACKERS lookup; ambiguous tree or s.date => null (fail-closed, never a skip)
2026-09-11T15:09:14.1135259Z -stage: real gem build lands .border/dist/<name>-<version>.gem, deterministic sha256, tmp cleaned, scans are artifact-root-relative
2026-09-11T15:09:14.1154879Z ##[error]failing-test set is NOT exactly the sanctioned allowlist (diff above: - expected / + actual) — failing closed
2026-09-11T15:09:14.1161684Z ##[error]Process completed with exit code 1.
2026-09-11T15:09:14.1253164Z Post job cleanup.
2026-09-11T15:09:14.1813638Z [command]/usr/bin/git version
2026-09-11T15:09:14.1845510Z git version 2.55.0
2026-09-11T15:09:14.1870209Z Temporarily overriding HOME='/home/runner/work/_temp/eab65492-d063-4bcb-8f9b-7ce50c1e8a79' before making global git config changes
2026-09-11T15:09:14.1871073Z Adding repository directory to the temporary git global config as a safe directory
2026-09-11T15:09:14.1873753Z [command]/usr/bin/git config --global --add safe.directory /home/runner/work/Border-Customs/Border-Customs
2026-09-11T15:09:14.1901930Z Removing SSH command configuration
2026-09-11T15:09:14.1906775Z [command]/usr/bin/git config --local --name-only --get-regexp core\.sshCommand
2026-09-11T15:09:14.1936226Z [command]/usr/bin/git submodule foreach --recursive sh -c "git config --local --name-only --get-regexp 'core\.sshCommand' && git config --local --unset-all 'core.sshCommand' || :"
2026-09-11T15:09:14.2133544Z Removing HTTP extra header
2026-09-11T15:09:14.2135502Z [command]/usr/bin/git config --local --name-only --get-regexp http\.https\:\/\/github\.com\/\.extraheader
2026-09-11T15:09:14.2168701Z [command]/usr/bin/git submodule foreach --recursive sh -c "git config --local --name-only --get-regexp 'http\.https\:\/\/github\.com\/\.extraheader' && git config --local --unset-all 'http.https://github.com/.extraheader' || :"
2026-09-11T15:09:14.2364614Z Removing includeIf entries pointing to credentials config files
2026-09-11T15:09:14.2371640Z [command]/usr/bin/git config --local --name-only --get-regexp ^includeIf\.gitdir:
2026-09-11T15:09:14.2395158Z includeif.gitdir:/home/runner/work/Border-Customs/Border-Customs/.git.path
2026-09-11T15:09:14.2395740Z includeif.gitdir:/home/runner/work/Border-Customs/Border-Customs/.git/worktrees/*.path
2026-09-11T15:09:14.2396061Z includeif.gitdir:/github/workspace/.git.path
2026-09-11T15:09:14.2396411Z includeif.gitdir:/github/workspace/.git/worktrees/*.path
2026-09-11T15:09:14.2403329Z [command]/usr/bin/git config --local --get-all includeif.gitdir:/home/runner/work/Border-Customs/Border-Customs/.git.path
2026-09-11T15:09:14.2424906Z /home/runner/work/_temp/git-credentials-a8173cf0-450d-4f74-baeb-a8d42a6b2895.config
2026-09-11T15:09:14.2433259Z [command]/usr/bin/git config --local --unset includeif.gitdir:/home/runner/work/Border-Customs/Border-Customs/.git.path /home/runner/work/_temp/git-credentials-a8173cf0-450d-4f74-baeb-a8d42a6b2895.config
2026-09-11T15:09:14.2463403Z [command]/usr/bin/git config --local --get-all includeif.gitdir:/home/runner/work/Border-Customs/Border-Customs/.git/worktrees/*.path
2026-09-11T15:09:14.2484335Z /home/runner/work/_temp/git-credentials-a8173cf0-450d-4f74-baeb-a8d42a6b2895.config
2026-09-11T15:09:14.2492264Z [command]/usr/bin/git config --local --unset includeif.gitdir:/home/runner/work/Border-Customs/Border-Customs/.git/worktrees/*.path /home/runner/work/_temp/git-credentials-a8173cf0-450d-4f74-baeb-a8d42a6b2895.config
2026-09-11T15:09:14.3571381Z [command]/usr/bin/git config --local --get-all includeif.gitdir:/github/workspace/.git.path
2026-09-11T15:09:14.3597623Z /github/runner_temp/git-credentials-a8173cf0-450d-4f74-baeb-a8d42a6b2895.config
2026-09-11T15:09:14.3603912Z [command]/usr/bin/git config --local --unset includeif.gitdir:/github/workspace/.git.path /github/runner_temp/git-credentials-a8173cf0-450d-4f74-baeb-a8d42a6b2895.config
2026-09-11T15:09:14.3632579Z [command]/usr/bin/git config --local --get-all includeif.gitdir:/github/workspace/.git/worktrees/*.path
2026-09-11T15:09:14.3652603Z /github/runner_temp/git-credentials-a8173cf0-450d-4f74-baeb-a8d42a6b2895.config
2026-09-11T15:09:14.3660083Z [command]/usr/bin/git config --local --unset includeif.gitdir:/github/workspace/.git/worktrees/*.path /github/runner_temp/git-credentials-a8173cf0-450d-4f74-baeb-a8d42a6b2895.config
2026-09-11T15:09:14.3692246Z [command]/usr/bin/git submodule foreach --recursive git config --local --show-origin --name-only --get-regexp remote.origin.url
2026-09-11T15:09:14.3861670Z Removing credentials config '/home/runner/work/_temp/git-credentials-a8173cf0-450d-4f74-baeb-a8d42a6b2895.config'
2026-09-11T15:09:14.3992178Z Cleaning up orphan processes
